// Jest Snapshot v1, https://goo.gl/fbAQLP

exports[`@kopflos-labs/html-template fetches data as stream 1`] = `
"_:c14n0 <http://www.w3.org/1999/02/22-rdf-syntax-ns#type> <http://example.com/Foo> .
"
`;

exports[`@kopflos-labs/html-template fetches data with given arguments 1`] = `
"_:c14n0 <http://www.w3.org/1999/02/22-rdf-syntax-ns#type> <http://example.com/Foo> .
"
`;
