// Jest Snapshot v1, https://goo.gl/fbAQLP

exports[`@kopflos-labs/pages/lib/SparqlProcessor should rewrite SERVICE <https://kopflos.described.at/Pages> 1`] = `
"SELECT * WHERE {
  {
    VALUES (?resourcePattern ?pagePattern) {
      (\\"^http://example.org/resource/(?<id>.+)$\\" \\"http://example.org/page/(?<id>.+)\\")
    }
    BIND(IF(REGEX(STR(?resource), ?resourcePattern), ?pagePattern, 1  / 0 ) AS ?page)
  }
}"
`;
